// Jest Snapshot v1, https://jestjs.io/docs/snapshot-testing

exports[`スナップショット 1`] = `
{
  "Outputs": {
    "ApiFunctionName": {
      "Value": {
        "Ref": "ApiFunctionCE271BD4",
      },
    },
    "ChatFunctionName": {
      "Value": {
        "Ref": "ChatFunction3D7C447E",
      },
    },
    "EcrRepositoryUri": {
      "Value": {
        "Fn::Join": [
          "",
          [
            {
              "Fn::Select": [
                4,
                {
                  "Fn::Split": [
                    ":",
                    {
                      "Fn::GetAtt": [
                        "Repository22E53BBD",
                        "Arn",
                      ],
                    },
                  ],
                },
              ],
            },
            ".dkr.ecr.",
            {
              "Fn::Select": [
                3,
                {
                  "Fn::Split": [
                    ":",
                    {
                      "Fn::GetAtt": [
                        "Repository22E53BBD",
                        "Arn",
                      ],
                    },
                  ],
                },
              ],
            },
            ".",
            {
              "Ref": "AWS::URLSuffix",
            },
            "/",
            {
              "Ref": "Repository22E53BBD",
            },
          ],
        ],
      },
    },
    "IngestFunctionName": {
      "Value": {
        "Ref": "IngestFunction4B2F2EB2",
      },
    },
    "RestApiEndpoint0551178A": {
      "Value": {
        "Fn::Join": [
          "",
          [
            "https://",
            {
              "Ref": "RestApi0C43BF4B",
            },
            ".execute-api.",
            {
              "Ref": "AWS::Region",
            },
            ".",
            {
              "Ref": "AWS::URLSuffix",
            },
            "/",
            {
              "Ref": "RestApiDeploymentStageprod3855DE66",
            },
            "/",
          ],
        ],
      },
    },
  },
  "Parameters": {
    "BootstrapVersion": {
      "Default": "/cdk-bootstrap/hnb659fds/version",
      "Description": "Version of the CDK Bootstrap resources in this environment, automatically retrieved from SSM Parameter Store. [cdk:skip]",
      "Type": "AWS::SSM::Parameter::Value<String>",
    },
  },
  "Resources": {
    "ApiFunctionCE271BD4": {
      "DependsOn": [
        "ApiFunctionServiceRoleDefaultPolicy20A32B8D",
        "ApiFunctionServiceRole52B9747B",
      ],
      "Properties": {
        "Architectures": [
          "arm64",
        ],
        "Code": {
          "ImageUri": {
            "Fn::Sub": "\${AWS::AccountId}.dkr.ecr.\${AWS::Region}.\${AWS::URLSuffix}/cdk-hnb659fds-container-assets-\${AWS::AccountId}-\${AWS::Region}:<ASSET_HASH>",
          },
        },
        "Environment": {
          "Variables": {
            "APP_ORIGIN": "",
            "CHAT_DAILY_QUOTA": "20",
            "COGNITO_CLIENT_ID": {
              "Fn::ImportValue": "TestDataStack:ExportsOutputRefUserPoolSpaClient6B560FFA03368753",
            },
            "COGNITO_DOMAIN": {
              "Fn::Join": [
                "",
                [
                  "https://",
                  {
                    "Fn::ImportValue": "TestDataStack:ExportsOutputRefUserPoolHostedUiDomainE021B0B644BA1D58",
                  },
                  ".auth.",
                  {
                    "Ref": "AWS::Region",
                  },
                  ".amazoncognito.com",
                ],
              ],
            },
            "COGNITO_ISSUER": {
              "Fn::ImportValue": "TestDataStack:ExportsOutputFnGetAttUserPool6BA7E5F2ProviderURL1DC61701",
            },
            "DOCUMENTS_BUCKET_NAME": {
              "Fn::ImportValue": "TestDataStack:ExportsOutputRefDocumentsBucket9EC9DEB9131399C0",
            },
            "INGEST_QUEUE_URL": {
              "Fn::ImportValue": "TestDataStack:ExportsOutputRefIngestQueue2280FF4EF5DFF735",
            },
            "POWERTOOLS_LOG_LEVEL": "INFO",
            "POWERTOOLS_METRICS_NAMESPACE": "EventDrivenRag",
            "POWERTOOLS_SERVICE_NAME": "api",
            "TABLE_NAME": {
              "Fn::ImportValue": "TestDataStack:ExportsOutputRefTableCD117FA1D18A8047",
            },
            "VECTOR_INDEX_ARN": {
              "Fn::ImportValue": "TestDataStack:ExportsOutputFnGetAttVectorIndexIndexArnC883517D",
            },
          },
        },
        "MemorySize": 512,
        "PackageType": "Image",
        "Role": {
          "Fn::GetAtt": [
            "ApiFunctionServiceRole52B9747B",
            "Arn",
          ],
        },
        "Timeout": 30,
        "TracingConfig": {
          "Mode": "Active",
        },
      },
      "Type": "AWS::Lambda::Function",
    },
    "ApiFunctionServiceRole52B9747B": {
      "Properties": {
        "AssumeRolePolicyDocument": {
          "Statement": [
            {
              "Action": "sts:AssumeRole",
              "Effect": "Allow",
              "Principal": {
                "Service": "lambda.amazonaws.com",
              },
            },
          ],
          "Version": "2012-10-17",
        },
        "ManagedPolicyArns": [
          {
            "Fn::Join": [
              "",
              [
                "arn:",
                {
                  "Ref": "AWS::Partition",
                },
                ":iam::aws:policy/service-role/AWSLambdaBasicExecutionRole",
              ],
            ],
          },
        ],
      },
      "Type": "AWS::IAM::Role",
    },
    "ApiFunctionServiceRoleDefaultPolicy20A32B8D": {
      "Properties": {
        "PolicyDocument": {
          "Statement": [
            {
              "Action": [
                "xray:PutTraceSegments",
                "xray:PutTelemetryRecords",
              ],
              "Effect": "Allow",
              "Resource": "*",
            },
            {
              "Action": [
                "dynamodb:BatchGetItem",
                "dynamodb:Query",
                "dynamodb:GetItem",
                "dynamodb:Scan",
                "dynamodb:ConditionCheckItem",
                "dynamodb:BatchWriteItem",
                "dynamodb:PutItem",
                "dynamodb:UpdateItem",
                "dynamodb:DeleteItem",
                "dynamodb:DescribeTable",
              ],
              "Effect": "Allow",
              "Resource": [
                {
                  "Fn::ImportValue": "TestDataStack:ExportsOutputFnGetAttTableCD117FA1ArnE2C8C204",
                },
                {
                  "Fn::Join": [
                    "",
                    [
                      {
                        "Fn::ImportValue": "TestDataStack:ExportsOutputFnGetAttTableCD117FA1ArnE2C8C204",
                      },
                      "/index/*",
                    ],
                  ],
                },
              ],
            },
            {
              "Action": [
                "dynamodb:GetRecords",
                "dynamodb:GetShardIterator",
              ],
              "Effect": "Allow",
              "Resource": [
                {
                  "Fn::ImportValue": "TestDataStack:ExportsOutputFnGetAttTableCD117FA1ArnE2C8C204",
                },
                {
                  "Fn::Join": [
                    "",
                    [
                      {
                        "Fn::ImportValue": "TestDataStack:ExportsOutputFnGetAttTableCD117FA1ArnE2C8C204",
                      },
                      "/index/*",
                    ],
                  ],
                },
              ],
            },
            {
              "Action": [
                "s3:GetObject*",
                "s3:GetBucket*",
                "s3:List*",
                "s3:DeleteObject*",
                "s3:PutObject",
                "s3:PutObjectLegalHold",
                "s3:PutObjectRetention",
                "s3:PutObjectTagging",
                "s3:PutObjectVersionTagging",
                "s3:Abort*",
              ],
              "Effect": "Allow",
              "Resource": [
                {
                  "Fn::ImportValue": "TestDataStack:ExportsOutputFnGetAttDocumentsBucket9EC9DEB9ArnEA5095A7",
                },
                {
                  "Fn::Join": [
                    "",
                    [
                      {
                        "Fn::ImportValue": "TestDataStack:ExportsOutputFnGetAttDocumentsBucket9EC9DEB9ArnEA5095A7",
                      },
                      "/*",
                    ],
                  ],
                },
              ],
            },
            {
              "Action": [
                "sqs:SendMessage",
                "sqs:GetQueueAttributes",
                "sqs:GetQueueUrl",
              ],
              "Effect": "Allow",
              "Resource": {
                "Fn::ImportValue": "TestDataStack:ExportsOutputFnGetAttIngestQueue2280FF4EArnFE0694A6",
              },
            },
            {
              "Action": "s3vectors:DeleteVectors",
              "Effect": "Allow",
              "Resource": {
                "Fn::ImportValue": "TestDataStack:ExportsOutputFnGetAttVectorIndexIndexArnC883517D",
              },
            },
          ],
          "Version": "2012-10-17",
        },
        "PolicyName": "ApiFunctionServiceRoleDefaultPolicy20A32B8D",
        "Roles": [
          {
            "Ref": "ApiFunctionServiceRole52B9747B",
          },
        ],
      },
      "Type": "AWS::IAM::Policy",
    },
    "ChatFunction3D7C447E": {
      "DependsOn": [
        "ChatFunctionServiceRoleDefaultPolicy8AB4563A",
        "ChatFunctionServiceRole544D50A9",
      ],
      "Properties": {
        "Architectures": [
          "arm64",
        ],
        "Code": {
          "ImageUri": {
            "Fn::Sub": "\${AWS::AccountId}.dkr.ecr.\${AWS::Region}.\${AWS::URLSuffix}/cdk-hnb659fds-container-assets-\${AWS::AccountId}-\${AWS::Region}:<ASSET_HASH>",
          },
        },
        "Environment": {
          "Variables": {
            "APP_ORIGIN": "",
            "AWS_LWA_INVOKE_MODE": "response_stream",
            "BEDROCK_ANSWER_MODEL": "jp.amazon.nova-2-lite-v1:0",
            "BEDROCK_EMBEDDING_MODEL": "cohere.embed-v4:0",
            "BEDROCK_RERANK_MODEL": "cohere.rerank-v3-5:0",
            "BEDROCK_UTILITY_MODEL": "jp.amazon.nova-2-lite-v1:0",
            "CHAT_DAILY_QUOTA": "20",
            "COGNITO_CLIENT_ID": {
              "Fn::ImportValue": "TestDataStack:ExportsOutputRefUserPoolSpaClient6B560FFA03368753",
            },
            "COGNITO_ISSUER": {
              "Fn::ImportValue": "TestDataStack:ExportsOutputFnGetAttUserPool6BA7E5F2ProviderURL1DC61701",
            },
            "POWERTOOLS_LOG_LEVEL": "INFO",
            "POWERTOOLS_METRICS_NAMESPACE": "EventDrivenRag",
            "POWERTOOLS_SERVICE_NAME": "chat",
            "POWERTOOLS_TRACE_DISABLED": "true",
            "TABLE_NAME": {
              "Fn::ImportValue": "TestDataStack:ExportsOutputRefTableCD117FA1D18A8047",
            },
            "VECTOR_BUCKET_ARN": {
              "Fn::ImportValue": "TestDataStack:ExportsOutputFnGetAttVectorBucketVectorBucketArnAA1E2656",
            },
            "VECTOR_INDEX_ARN": {
              "Fn::ImportValue": "TestDataStack:ExportsOutputFnGetAttVectorIndexIndexArnC883517D",
            },
          },
        },
        "MemorySize": 1024,
        "PackageType": "Image",
        "Role": {
          "Fn::GetAtt": [
            "ChatFunctionServiceRole544D50A9",
            "Arn",
          ],
        },
        "Timeout": 300,
        "TracingConfig": {
          "Mode": "Active",
        },
      },
      "Type": "AWS::Lambda::Function",
    },
    "ChatFunctionServiceRole544D50A9": {
      "Properties": {
        "AssumeRolePolicyDocument": {
          "Statement": [
            {
              "Action": "sts:AssumeRole",
              "Effect": "Allow",
              "Principal": {
                "Service": "lambda.amazonaws.com",
              },
            },
          ],
          "Version": "2012-10-17",
        },
        "ManagedPolicyArns": [
          {
            "Fn::Join": [
              "",
              [
                "arn:",
                {
                  "Ref": "AWS::Partition",
                },
                ":iam::aws:policy/service-role/AWSLambdaBasicExecutionRole",
              ],
            ],
          },
        ],
      },
      "Type": "AWS::IAM::Role",
    },
    "ChatFunctionServiceRoleDefaultPolicy8AB4563A": {
      "Properties": {
        "PolicyDocument": {
          "Statement": [
            {
              "Action": [
                "xray:PutTraceSegments",
                "xray:PutTelemetryRecords",
              ],
              "Effect": "Allow",
              "Resource": "*",
            },
            {
              "Action": [
                "dynamodb:BatchGetItem",
                "dynamodb:Query",
                "dynamodb:GetItem",
                "dynamodb:Scan",
                "dynamodb:ConditionCheckItem",
                "dynamodb:BatchWriteItem",
                "dynamodb:PutItem",
                "dynamodb:UpdateItem",
                "dynamodb:DeleteItem",
                "dynamodb:DescribeTable",
              ],
              "Effect": "Allow",
              "Resource": [
                {
                  "Fn::ImportValue": "TestDataStack:ExportsOutputFnGetAttTableCD117FA1ArnE2C8C204",
                },
                {
                  "Fn::Join": [
                    "",
                    [
                      {
                        "Fn::ImportValue": "TestDataStack:ExportsOutputFnGetAttTableCD117FA1ArnE2C8C204",
                      },
                      "/index/*",
                    ],
                  ],
                },
              ],
            },
            {
              "Action": [
                "dynamodb:GetRecords",
                "dynamodb:GetShardIterator",
              ],
              "Effect": "Allow",
              "Resource": [
                {
                  "Fn::ImportValue": "TestDataStack:ExportsOutputFnGetAttTableCD117FA1ArnE2C8C204",
                },
                {
                  "Fn::Join": [
                    "",
                    [
                      {
                        "Fn::ImportValue": "TestDataStack:ExportsOutputFnGetAttTableCD117FA1ArnE2C8C204",
                      },
                      "/index/*",
                    ],
                  ],
                },
              ],
            },
            {
              "Action": [
                "s3vectors:GetIndex",
                "s3vectors:QueryVectors",
                "s3vectors:GetVectors",
              ],
              "Effect": "Allow",
              "Resource": {
                "Fn::ImportValue": "TestDataStack:ExportsOutputFnGetAttVectorIndexIndexArnC883517D",
              },
            },
            {
              "Action": "bedrock:InvokeModel",
              "Effect": "Allow",
              "Resource": [
                {
                  "Fn::Join": [
                    "",
                    [
                      "arn:aws:bedrock:",
                      {
                        "Ref": "AWS::Region",
                      },
                      ":",
                      {
                        "Ref": "AWS::AccountId",
                      },
                      ":inference-profile/jp.amazon.nova-2-lite-v1:0",
                    ],
                  ],
                },
                "arn:aws:bedrock:*::foundation-model/amazon.nova-2-lite-v1:0",
                {
                  "Fn::Join": [
                    "",
                    [
                      "arn:aws:bedrock:",
                      {
                        "Ref": "AWS::Region",
                      },
                      ":",
                      {
                        "Ref": "AWS::AccountId",
                      },
                      ":inference-profile/global.openai.gpt-5.6-luna",
                    ],
                  ],
                },
                "arn:aws:bedrock:*::foundation-model/openai.gpt-5.6-luna",
                {
                  "Fn::Join": [
                    "",
                    [
                      "arn:aws:bedrock:",
                      {
                        "Ref": "AWS::Region",
                      },
                      "::foundation-model/cohere.embed-v4:0",
                    ],
                  ],
                },
                {
                  "Fn::Join": [
                    "",
                    [
                      "arn:aws:bedrock:",
                      {
                        "Ref": "AWS::Region",
                      },
                      "::foundation-model/cohere.rerank-v3-5:0",
                    ],
                  ],
                },
              ],
            },
            {
              "Action": "bedrock:Rerank",
              "Effect": "Allow",
              "Resource": "*",
            },
          ],
          "Version": "2012-10-17",
        },
        "PolicyName": "ChatFunctionServiceRoleDefaultPolicy8AB4563A",
        "Roles": [
          {
            "Ref": "ChatFunctionServiceRole544D50A9",
          },
        ],
      },
      "Type": "AWS::IAM::Policy",
    },
    "CognitoAuthorizerF3215DBC": {
      "Properties": {
        "IdentitySource": "method.request.header.Authorization",
        "Name": "TestAppStackCognitoAuthorizerA68B6ABC",
        "ProviderARNs": [
          {
            "Fn::ImportValue": "TestDataStack:ExportsOutputFnGetAttUserPool6BA7E5F2Arn686ACC00",
          },
        ],
        "RestApiId": {
          "Ref": "RestApi0C43BF4B",
        },
        "Type": "COGNITO_USER_POOLS",
      },
      "Type": "AWS::ApiGateway::Authorizer",
    },
    "IngestFunction4B2F2EB2": {
      "DependsOn": [
        "IngestFunctionServiceRoleDefaultPolicy8EB1E4A7",
        "IngestFunctionServiceRole55EB4427",
      ],
      "Properties": {
        "Architectures": [
          "arm64",
        ],
        "Code": {
          "ImageUri": {
            "Fn::Sub": "\${AWS::AccountId}.dkr.ecr.\${AWS::Region}.\${AWS::URLSuffix}/cdk-hnb659fds-container-assets-\${AWS::AccountId}-\${AWS::Region}:<ASSET_HASH>",
          },
        },
        "Environment": {
          "Variables": {
            "BEDROCK_EMBEDDING_MODEL": "cohere.embed-v4:0",
            "DOCUMENTS_BUCKET_NAME": {
              "Fn::ImportValue": "TestDataStack:ExportsOutputRefDocumentsBucket9EC9DEB9131399C0",
            },
            "POWERTOOLS_LOG_LEVEL": "INFO",
            "POWERTOOLS_METRICS_NAMESPACE": "EventDrivenRag",
            "POWERTOOLS_SERVICE_NAME": "ingest",
            "TABLE_NAME": {
              "Fn::ImportValue": "TestDataStack:ExportsOutputRefTableCD117FA1D18A8047",
            },
            "VECTOR_BUCKET_ARN": {
              "Fn::ImportValue": "TestDataStack:ExportsOutputFnGetAttVectorBucketVectorBucketArnAA1E2656",
            },
            "VECTOR_INDEX_ARN": {
              "Fn::ImportValue": "TestDataStack:ExportsOutputFnGetAttVectorIndexIndexArnC883517D",
            },
          },
        },
        "MemorySize": 1024,
        "PackageType": "Image",
        "Role": {
          "Fn::GetAtt": [
            "IngestFunctionServiceRole55EB4427",
            "Arn",
          ],
        },
        "Timeout": 600,
        "TracingConfig": {
          "Mode": "Active",
        },
      },
      "Type": "AWS::Lambda::Function",
    },
    "IngestFunctionServiceRole55EB4427": {
      "Properties": {
        "AssumeRolePolicyDocument": {
          "Statement": [
            {
              "Action": "sts:AssumeRole",
              "Effect": "Allow",
              "Principal": {
                "Service": "lambda.amazonaws.com",
              },
            },
          ],
          "Version": "2012-10-17",
        },
        "ManagedPolicyArns": [
          {
            "Fn::Join": [
              "",
              [
                "arn:",
                {
                  "Ref": "AWS::Partition",
                },
                ":iam::aws:policy/service-role/AWSLambdaBasicExecutionRole",
              ],
            ],
          },
        ],
      },
      "Type": "AWS::IAM::Role",
    },
    "IngestFunctionServiceRoleDefaultPolicy8EB1E4A7": {
      "Properties": {
        "PolicyDocument": {
          "Statement": [
            {
              "Action": [
                "xray:PutTraceSegments",
                "xray:PutTelemetryRecords",
              ],
              "Effect": "Allow",
              "Resource": "*",
            },
            {
              "Action": [
                "sqs:ReceiveMessage",
                "sqs:ChangeMessageVisibility",
                "sqs:GetQueueUrl",
                "sqs:DeleteMessage",
                "sqs:GetQueueAttributes",
              ],
              "Effect": "Allow",
              "Resource": {
                "Fn::ImportValue": "TestDataStack:ExportsOutputFnGetAttIngestQueue2280FF4EArnFE0694A6",
              },
            },
            {
              "Action": [
                "dynamodb:BatchGetItem",
                "dynamodb:Query",
                "dynamodb:GetItem",
                "dynamodb:Scan",
                "dynamodb:ConditionCheckItem",
                "dynamodb:BatchWriteItem",
                "dynamodb:PutItem",
                "dynamodb:UpdateItem",
                "dynamodb:DeleteItem",
                "dynamodb:DescribeTable",
              ],
              "Effect": "Allow",
              "Resource": [
                {
                  "Fn::ImportValue": "TestDataStack:ExportsOutputFnGetAttTableCD117FA1ArnE2C8C204",
                },
                {
                  "Fn::Join": [
                    "",
                    [
                      {
                        "Fn::ImportValue": "TestDataStack:ExportsOutputFnGetAttTableCD117FA1ArnE2C8C204",
                      },
                      "/index/*",
                    ],
                  ],
                },
              ],
            },
            {
              "Action": [
                "dynamodb:GetRecords",
                "dynamodb:GetShardIterator",
              ],
              "Effect": "Allow",
              "Resource": [
                {
                  "Fn::ImportValue": "TestDataStack:ExportsOutputFnGetAttTableCD117FA1ArnE2C8C204",
                },
                {
                  "Fn::Join": [
                    "",
                    [
                      {
                        "Fn::ImportValue": "TestDataStack:ExportsOutputFnGetAttTableCD117FA1ArnE2C8C204",
                      },
                      "/index/*",
                    ],
                  ],
                },
              ],
            },
            {
              "Action": [
                "s3:GetObject*",
                "s3:GetBucket*",
                "s3:List*",
              ],
              "Effect": "Allow",
              "Resource": [
                {
                  "Fn::ImportValue": "TestDataStack:ExportsOutputFnGetAttDocumentsBucket9EC9DEB9ArnEA5095A7",
                },
                {
                  "Fn::Join": [
                    "",
                    [
                      {
                        "Fn::ImportValue": "TestDataStack:ExportsOutputFnGetAttDocumentsBucket9EC9DEB9ArnEA5095A7",
                      },
                      "/*",
                    ],
                  ],
                },
              ],
            },
            {
              "Action": [
                "s3vectors:GetIndex",
                "s3vectors:PutVectors",
                "s3vectors:DeleteVectors",
              ],
              "Effect": "Allow",
              "Resource": {
                "Fn::ImportValue": "TestDataStack:ExportsOutputFnGetAttVectorIndexIndexArnC883517D",
              },
            },
            {
              "Action": "bedrock:InvokeModel",
              "Effect": "Allow",
              "Resource": {
                "Fn::Join": [
                  "",
                  [
                    "arn:aws:bedrock:",
                    {
                      "Ref": "AWS::Region",
                    },
                    "::foundation-model/cohere.embed-v4:0",
                  ],
                ],
              },
            },
          ],
          "Version": "2012-10-17",
        },
        "PolicyName": "IngestFunctionServiceRoleDefaultPolicy8EB1E4A7",
        "Roles": [
          {
            "Ref": "IngestFunctionServiceRole55EB4427",
          },
        ],
      },
      "Type": "AWS::IAM::Policy",
    },
    "IngestFunctionSqsEventSourceTestDataStackIngestQueueF9B87988A4E459FB": {
      "Properties": {
        "BatchSize": 1,
        "EventSourceArn": {
          "Fn::ImportValue": "TestDataStack:ExportsOutputFnGetAttIngestQueue2280FF4EArnFE0694A6",
        },
        "FunctionName": {
          "Ref": "IngestFunction4B2F2EB2",
        },
      },
      "Type": "AWS::Lambda::EventSourceMapping",
    },
    "Repository22E53BBD": {
      "DeletionPolicy": "Delete",
      "Properties": {
        "EmptyOnDelete": true,
        "RepositoryPolicyText": {
          "Statement": [
            {
              "Action": [
                "ecr:BatchGetImage",
                "ecr:GetDownloadUrlForLayer",
              ],
              "Condition": {
                "ArnLike": {
                  "aws:sourceARN": {
                    "Fn::Join": [
                      "",
                      [
                        "arn:",
                        {
                          "Ref": "AWS::Partition",
                        },
                        ":lambda:",
                        {
                          "Ref": "AWS::Region",
                        },
                        ":",
                        {
                          "Ref": "AWS::AccountId",
                        },
                        ":function:*",
                      ],
                    ],
                  },
                },
              },
              "Effect": "Allow",
              "Principal": {
                "Service": "lambda.amazonaws.com",
              },
              "Sid": "LambdaECRImageRetrievalPolicy",
            },
          ],
          "Version": "2012-10-17",
        },
      },
      "Type": "AWS::ECR::Repository",
      "UpdateReplacePolicy": "Delete",
    },
    "RestApi0C43BF4B": {
      "Properties": {
        "EndpointConfiguration": {
          "Types": [
            "REGIONAL",
          ],
        },
        "Name": "RestApi",
      },
      "Type": "AWS::ApiGateway::RestApi",
    },
    "RestApiAccount7C83CF5A": {
      "DeletionPolicy": "Retain",
      "DependsOn": [
        "RestApi0C43BF4B",
      ],
      "Properties": {
        "CloudWatchRoleArn": {
          "Fn::GetAtt": [
            "RestApiCloudWatchRoleE3ED6605",
            "Arn",
          ],
        },
      },
      "Type": "AWS::ApiGateway::Account",
      "UpdateReplacePolicy": "Retain",
    },
    "RestApiCloudWatchRoleE3ED6605": {
      "DeletionPolicy": "Retain",
      "Properties": {
        "AssumeRolePolicyDocument": {
          "Statement": [
            {
              "Action": "sts:AssumeRole",
              "Effect": "Allow",
              "Principal": {
                "Service": "apigateway.amazonaws.com",
              },
            },
          ],
          "Version": "2012-10-17",
        },
        "ManagedPolicyArns": [
          {
            "Fn::Join": [
              "",
              [
                "arn:",
                {
                  "Ref": "AWS::Partition",
                },
                ":iam::aws:policy/service-role/AmazonAPIGatewayPushToCloudWatchLogs",
              ],
            ],
          },
        ],
      },
      "Type": "AWS::IAM::Role",
      "UpdateReplacePolicy": "Retain",
    },
    "RestApiDeployment180EC503e33f8e2e31bbe71e4fc3516e649336aa": {
      "DependsOn": [
        "RestApiapiproxyANY9A5715D2",
        "RestApiapiproxyC73394C6",
        "RestApiapiauthproxyANYB3ABAC19",
        "RestApiapiauthproxy35981984",
        "RestApiapiauth9D6BF6D9",
        "RestApiapichatsproxyANYF577872D",
        "RestApiapichatsproxy8BE0C796",
        "RestApiapichatsANY98A78A6F",
        "RestApiapichatsEC7A95CB",
        "RestApiapichatsstreamPOSTCD0F972A",
        "RestApiapichatsstream378225E4",
        "RestApiapihealthGETEDF5EB9C",
        "RestApiapihealthF8B286C6",
        "RestApiapiC55947A1",
      ],
      "Metadata": {
        "aws:cdk:do-not-refactor": true,
      },
      "Properties": {
        "Description": "Automatically created by the RestApi construct",
        "RestApiId": {
          "Ref": "RestApi0C43BF4B",
        },
      },
      "Type": "AWS::ApiGateway::Deployment",
    },
    "RestApiDeploymentStageprod3855DE66": {
      "DependsOn": [
        "RestApiAccount7C83CF5A",
      ],
      "Properties": {
        "DeploymentId": {
          "Ref": "RestApiDeployment180EC503e33f8e2e31bbe71e4fc3516e649336aa",
        },
        "MethodSettings": [
          {
            "DataTraceEnabled": false,
            "HttpMethod": "*",
            "ResourcePath": "/*",
            "ThrottlingBurstLimit": 40,
            "ThrottlingRateLimit": 20,
          },
        ],
        "RestApiId": {
          "Ref": "RestApi0C43BF4B",
        },
        "StageName": "prod",
        "TracingEnabled": true,
      },
      "Type": "AWS::ApiGateway::Stage",
    },
    "RestApiapiC55947A1": {
      "Properties": {
        "ParentId": {
          "Fn::GetAtt": [
            "RestApi0C43BF4B",
            "RootResourceId",
          ],
        },
        "PathPart": "api",
        "RestApiId": {
          "Ref": "RestApi0C43BF4B",
        },
      },
      "Type": "AWS::ApiGateway::Resource",
    },
    "RestApiapiauth9D6BF6D9": {
      "Properties": {
        "ParentId": {
          "Ref": "RestApiapiC55947A1",
        },
        "PathPart": "auth",
        "RestApiId": {
          "Ref": "RestApi0C43BF4B",
        },
      },
      "Type": "AWS::ApiGateway::Resource",
    },
    "RestApiapiauthproxy35981984": {
      "Properties": {
        "ParentId": {
          "Ref": "RestApiapiauth9D6BF6D9",
        },
        "PathPart": "{proxy+}",
        "RestApiId": {
          "Ref": "RestApi0C43BF4B",
        },
      },
      "Type": "AWS::ApiGateway::Resource",
    },
    "RestApiapiauthproxyANYApiPermissionTestAppStackRestApi0C913C5DANYapiauthproxy7FE03A83": {
      "Properties": {
        "Action": "lambda:InvokeFunction",
        "FunctionName": {
          "Fn::GetAtt": [
            "ApiFunctionCE271BD4",
            "Arn",
          ],
        },
        "Principal": "apigateway.amazonaws.com",
        "SourceArn": {
          "Fn::Join": [
            "",
            [
              "arn:",
              {
                "Ref": "AWS::Partition",
              },
              ":execute-api:",
              {
                "Ref": "AWS::Region",
              },
              ":",
              {
                "Ref": "AWS::AccountId",
              },
              ":",
              {
                "Ref": "RestApi0C43BF4B",
              },
              "/",
              {
                "Ref": "RestApiDeploymentStageprod3855DE66",
              },
              "/*/api/auth/*",
            ],
          ],
        },
      },
      "Type": "AWS::Lambda::Permission",
    },
    "RestApiapiauthproxyANYApiPermissionTestTestAppStackRestApi0C913C5DANYapiauthproxy4D646CFF": {
      "Properties": {
        "Action": "lambda:InvokeFunction",
        "FunctionName": {
          "Fn::GetAtt": [
            "ApiFunctionCE271BD4",
            "Arn",
          ],
        },
        "Principal": "apigateway.amazonaws.com",
        "SourceArn": {
          "Fn::Join": [
            "",
            [
              "arn:",
              {
                "Ref": "AWS::Partition",
              },
              ":execute-api:",
              {
                "Ref": "AWS::Region",
              },
              ":",
              {
                "Ref": "AWS::AccountId",
              },
              ":",
              {
                "Ref": "RestApi0C43BF4B",
              },
              "/test-invoke-stage/*/api/auth/*",
            ],
          ],
        },
      },
      "Type": "AWS::Lambda::Permission",
    },
    "RestApiapiauthproxyANYB3ABAC19": {
      "Properties": {
        "AuthorizationType": "NONE",
        "HttpMethod": "ANY",
        "Integration": {
          "IntegrationHttpMethod": "POST",
          "TimeoutInMillis": 29000,
          "Type": "AWS_PROXY",
          "Uri": {
            "Fn::Join": [
              "",
              [
                "arn:",
                {
                  "Ref": "AWS::Partition",
                },
                ":apigateway:",
                {
                  "Ref": "AWS::Region",
                },
                ":lambda:path/2015-03-31/functions/",
                {
                  "Fn::GetAtt": [
                    "ApiFunctionCE271BD4",
                    "Arn",
                  ],
                },
                "/invocations",
              ],
            ],
          },
        },
        "ResourceId": {
          "Ref": "RestApiapiauthproxy35981984",
        },
        "RestApiId": {
          "Ref": "RestApi0C43BF4B",
        },
      },
      "Type": "AWS::ApiGateway::Method",
    },
    "RestApiapichatsANY98A78A6F": {
      "Properties": {
        "AuthorizationScopes": [
          "openid",
        ],
        "AuthorizationType": "COGNITO_USER_POOLS",
        "AuthorizerId": {
          "Ref": "CognitoAuthorizerF3215DBC",
        },
        "HttpMethod": "ANY",
        "Integration": {
          "IntegrationHttpMethod": "POST",
          "TimeoutInMillis": 29000,
          "Type": "AWS_PROXY",
          "Uri": {
            "Fn::Join": [
              "",
              [
                "arn:",
                {
                  "Ref": "AWS::Partition",
                },
                ":apigateway:",
                {
                  "Ref": "AWS::Region",
                },
                ":lambda:path/2015-03-31/functions/",
                {
                  "Fn::GetAtt": [
                    "ApiFunctionCE271BD4",
                    "Arn",
                  ],
                },
                "/invocations",
              ],
            ],
          },
        },
        "ResourceId": {
          "Ref": "RestApiapichatsEC7A95CB",
        },
        "RestApiId": {
          "Ref": "RestApi0C43BF4B",
        },
      },
      "Type": "AWS::ApiGateway::Method",
    },
    "RestApiapichatsANYApiPermissionTestAppStackRestApi0C913C5DANYapichats0E5BD9D7": {
      "Properties": {
        "Action": "lambda:InvokeFunction",
        "FunctionName": {
          "Fn::GetAtt": [
            "ApiFunctionCE271BD4",
            "Arn",
          ],
        },
        "Principal": "apigateway.amazonaws.com",
        "SourceArn": {
          "Fn::Join": [
            "",
            [
              "arn:",
              {
                "Ref": "AWS::Partition",
              },
              ":execute-api:",
              {
                "Ref": "AWS::Region",
              },
              ":",
              {
                "Ref": "AWS::AccountId",
              },
              ":",
              {
                "Ref": "RestApi0C43BF4B",
              },
              "/",
              {
                "Ref": "RestApiDeploymentStageprod3855DE66",
              },
              "/*/api/chats",
            ],
          ],
        },
      },
      "Type": "AWS::Lambda::Permission",
    },
    "RestApiapichatsANYApiPermissionTestTestAppStackRestApi0C913C5DANYapichats5AAD61B8": {
      "Properties": {
        "Action": "lambda:InvokeFunction",
        "FunctionName": {
          "Fn::GetAtt": [
            "ApiFunctionCE271BD4",
            "Arn",
          ],
        },
        "Principal": "apigateway.amazonaws.com",
        "SourceArn": {
          "Fn::Join": [
            "",
            [
              "arn:",
              {
                "Ref": "AWS::Partition",
              },
              ":execute-api:",
              {
                "Ref": "AWS::Region",
              },
              ":",
              {
                "Ref": "AWS::AccountId",
              },
              ":",
              {
                "Ref": "RestApi0C43BF4B",
              },
              "/test-invoke-stage/*/api/chats",
            ],
          ],
        },
      },
      "Type": "AWS::Lambda::Permission",
    },
    "RestApiapichatsEC7A95CB": {
      "Properties": {
        "ParentId": {
          "Ref": "RestApiapiC55947A1",
        },
        "PathPart": "chats",
        "RestApiId": {
          "Ref": "RestApi0C43BF4B",
        },
      },
      "Type": "AWS::ApiGateway::Resource",
    },
    "RestApiapichatsproxy8BE0C796": {
      "Properties": {
        "ParentId": {
          "Ref": "RestApiapichatsEC7A95CB",
        },
        "PathPart": "{proxy+}",
        "RestApiId": {
          "Ref": "RestApi0C43BF4B",
        },
      },
      "Type": "AWS::ApiGateway::Resource",
    },
    "RestApiapichatsproxyANYApiPermissionTestAppStackRestApi0C913C5DANYapichatsproxyE3EE8E40": {
      "Properties": {
        "Action": "lambda:InvokeFunction",
        "FunctionName": {
          "Fn::GetAtt": [
            "ApiFunctionCE271BD4",
            "Arn",
          ],
        },
        "Principal": "apigateway.amazonaws.com",
        "SourceArn": {
          "Fn::Join": [
            "",
            [
              "arn:",
              {
                "Ref": "AWS::Partition",
              },
              ":execute-api:",
              {
                "Ref": "AWS::Region",
              },
              ":",
              {
                "Ref": "AWS::AccountId",
              },
              ":",
              {
                "Ref": "RestApi0C43BF4B",
              },
              "/",
              {
                "Ref": "RestApiDeploymentStageprod3855DE66",
              },
              "/*/api/chats/*",
            ],
          ],
        },
      },
      "Type": "AWS::Lambda::Permission",
    },
    "RestApiapichatsproxyANYApiPermissionTestTestAppStackRestApi0C913C5DANYapichatsproxy5F33138F": {
      "Properties": {
        "Action": "lambda:InvokeFunction",
        "FunctionName": {
          "Fn::GetAtt": [
            "ApiFunctionCE271BD4",
            "Arn",
          ],
        },
        "Principal": "apigateway.amazonaws.com",
        "SourceArn": {
          "Fn::Join": [
            "",
            [
              "arn:",
              {
                "Ref": "AWS::Partition",
              },
              ":execute-api:",
              {
                "Ref": "AWS::Region",
              },
              ":",
              {
                "Ref": "AWS::AccountId",
              },
              ":",
              {
                "Ref": "RestApi0C43BF4B",
              },
              "/test-invoke-stage/*/api/chats/*",
            ],
          ],
        },
      },
      "Type": "AWS::Lambda::Permission",
    },
    "RestApiapichatsproxyANYF577872D": {
      "Properties": {
        "AuthorizationScopes": [
          "openid",
        ],
        "AuthorizationType": "COGNITO_USER_POOLS",
        "AuthorizerId": {
          "Ref": "CognitoAuthorizerF3215DBC",
        },
        "HttpMethod": "ANY",
        "Integration": {
          "IntegrationHttpMethod": "POST",
          "TimeoutInMillis": 29000,
          "Type": "AWS_PROXY",
          "Uri": {
            "Fn::Join": [
              "",
              [
                "arn:",
                {
                  "Ref": "AWS::Partition",
                },
                ":apigateway:",
                {
                  "Ref": "AWS::Region",
                },
                ":lambda:path/2015-03-31/functions/",
                {
                  "Fn::GetAtt": [
                    "ApiFunctionCE271BD4",
                    "Arn",
                  ],
                },
                "/invocations",
              ],
            ],
          },
        },
        "ResourceId": {
          "Ref": "RestApiapichatsproxy8BE0C796",
        },
        "RestApiId": {
          "Ref": "RestApi0C43BF4B",
        },
      },
      "Type": "AWS::ApiGateway::Method",
    },
    "RestApiapichatsstream378225E4": {
      "Properties": {
        "ParentId": {
          "Ref": "RestApiapichatsEC7A95CB",
        },
        "PathPart": "stream",
        "RestApiId": {
          "Ref": "RestApi0C43BF4B",
        },
      },
      "Type": "AWS::ApiGateway::Resource",
    },
    "RestApiapichatsstreamPOSTApiPermissionTestAppStackRestApi0C913C5DPOSTapichatsstreamE3C31220": {
      "Properties": {
        "Action": "lambda:InvokeFunction",
        "FunctionName": {
          "Fn::GetAtt": [
            "ChatFunction3D7C447E",
            "Arn",
          ],
        },
        "Principal": "apigateway.amazonaws.com",
        "SourceArn": {
          "Fn::Join": [
            "",
            [
              "arn:",
              {
                "Ref": "AWS::Partition",
              },
              ":execute-api:",
              {
                "Ref": "AWS::Region",
              },
              ":",
              {
                "Ref": "AWS::AccountId",
              },
              ":",
              {
                "Ref": "RestApi0C43BF4B",
              },
              "/",
              {
                "Ref": "RestApiDeploymentStageprod3855DE66",
              },
              "/POST/api/chats/stream",
            ],
          ],
        },
      },
      "Type": "AWS::Lambda::Permission",
    },
    "RestApiapichatsstreamPOSTApiPermissionTestTestAppStackRestApi0C913C5DPOSTapichatsstream3F26D3F9": {
      "Properties": {
        "Action": "lambda:InvokeFunction",
        "FunctionName": {
          "Fn::GetAtt": [
            "ChatFunction3D7C447E",
            "Arn",
          ],
        },
        "Principal": "apigateway.amazonaws.com",
        "SourceArn": {
          "Fn::Join": [
            "",
            [
              "arn:",
              {
                "Ref": "AWS::Partition",
              },
              ":execute-api:",
              {
                "Ref": "AWS::Region",
              },
              ":",
              {
                "Ref": "AWS::AccountId",
              },
              ":",
              {
                "Ref": "RestApi0C43BF4B",
              },
              "/test-invoke-stage/POST/api/chats/stream",
            ],
          ],
        },
      },
      "Type": "AWS::Lambda::Permission",
    },
    "RestApiapichatsstreamPOSTCD0F972A": {
      "Properties": {
        "AuthorizationScopes": [
          "openid",
        ],
        "AuthorizationType": "COGNITO_USER_POOLS",
        "AuthorizerId": {
          "Ref": "CognitoAuthorizerF3215DBC",
        },
        "HttpMethod": "POST",
        "Integration": {
          "IntegrationHttpMethod": "POST",
          "ResponseTransferMode": "STREAM",
          "TimeoutInMillis": 300000,
          "Type": "AWS_PROXY",
          "Uri": {
            "Fn::Join": [
              "",
              [
                "arn:",
                {
                  "Ref": "AWS::Partition",
                },
                ":apigateway:",
                {
                  "Ref": "AWS::Region",
                },
                ":lambda:path/2021-11-15/functions/",
                {
                  "Fn::GetAtt": [
                    "ChatFunction3D7C447E",
                    "Arn",
                  ],
                },
                "/response-streaming-invocations",
              ],
            ],
          },
        },
        "ResourceId": {
          "Ref": "RestApiapichatsstream378225E4",
        },
        "RestApiId": {
          "Ref": "RestApi0C43BF4B",
        },
      },
      "Type": "AWS::ApiGateway::Method",
    },
    "RestApiapihealthF8B286C6": {
      "Properties": {
        "ParentId": {
          "Ref": "RestApiapiC55947A1",
        },
        "PathPart": "health",
        "RestApiId": {
          "Ref": "RestApi0C43BF4B",
        },
      },
      "Type": "AWS::ApiGateway::Resource",
    },
    "RestApiapihealthGETApiPermissionTestAppStackRestApi0C913C5DGETapihealth732E4509": {
      "Properties": {
        "Action": "lambda:InvokeFunction",
        "FunctionName": {
          "Fn::GetAtt": [
            "ApiFunctionCE271BD4",
            "Arn",
          ],
        },
        "Principal": "apigateway.amazonaws.com",
        "SourceArn": {
          "Fn::Join": [
            "",
            [
              "arn:",
              {
                "Ref": "AWS::Partition",
              },
              ":execute-api:",
              {
                "Ref": "AWS::Region",
              },
              ":",
              {
                "Ref": "AWS::AccountId",
              },
              ":",
              {
                "Ref": "RestApi0C43BF4B",
              },
              "/",
              {
                "Ref": "RestApiDeploymentStageprod3855DE66",
              },
              "/GET/api/health",
            ],
          ],
        },
      },
      "Type": "AWS::Lambda::Permission",
    },
    "RestApiapihealthGETApiPermissionTestTestAppStackRestApi0C913C5DGETapihealth52AFE297": {
      "Properties": {
        "Action": "lambda:InvokeFunction",
        "FunctionName": {
          "Fn::GetAtt": [
            "ApiFunctionCE271BD4",
            "Arn",
          ],
        },
        "Principal": "apigateway.amazonaws.com",
        "SourceArn": {
          "Fn::Join": [
            "",
            [
              "arn:",
              {
                "Ref": "AWS::Partition",
              },
              ":execute-api:",
              {
                "Ref": "AWS::Region",
              },
              ":",
              {
                "Ref": "AWS::AccountId",
              },
              ":",
              {
                "Ref": "RestApi0C43BF4B",
              },
              "/test-invoke-stage/GET/api/health",
            ],
          ],
        },
      },
      "Type": "AWS::Lambda::Permission",
    },
    "RestApiapihealthGETEDF5EB9C": {
      "Properties": {
        "AuthorizationType": "NONE",
        "HttpMethod": "GET",
        "Integration": {
          "IntegrationHttpMethod": "POST",
          "TimeoutInMillis": 29000,
          "Type": "AWS_PROXY",
          "Uri": {
            "Fn::Join": [
              "",
              [
                "arn:",
                {
                  "Ref": "AWS::Partition",
                },
                ":apigateway:",
                {
                  "Ref": "AWS::Region",
                },
                ":lambda:path/2015-03-31/functions/",
                {
                  "Fn::GetAtt": [
                    "ApiFunctionCE271BD4",
                    "Arn",
                  ],
                },
                "/invocations",
              ],
            ],
          },
        },
        "ResourceId": {
          "Ref": "RestApiapihealthF8B286C6",
        },
        "RestApiId": {
          "Ref": "RestApi0C43BF4B",
        },
      },
      "Type": "AWS::ApiGateway::Method",
    },
    "RestApiapiproxyANY9A5715D2": {
      "Properties": {
        "AuthorizationScopes": [
          "openid",
        ],
        "AuthorizationType": "COGNITO_USER_POOLS",
        "AuthorizerId": {
          "Ref": "CognitoAuthorizerF3215DBC",
        },
        "HttpMethod": "ANY",
        "Integration": {
          "IntegrationHttpMethod": "POST",
          "TimeoutInMillis": 29000,
          "Type": "AWS_PROXY",
          "Uri": {
            "Fn::Join": [
              "",
              [
                "arn:",
                {
                  "Ref": "AWS::Partition",
                },
                ":apigateway:",
                {
                  "Ref": "AWS::Region",
                },
                ":lambda:path/2015-03-31/functions/",
                {
                  "Fn::GetAtt": [
                    "ApiFunctionCE271BD4",
                    "Arn",
                  ],
                },
                "/invocations",
              ],
            ],
          },
        },
        "ResourceId": {
          "Ref": "RestApiapiproxyC73394C6",
        },
        "RestApiId": {
          "Ref": "RestApi0C43BF4B",
        },
      },
      "Type": "AWS::ApiGateway::Method",
    },
    "RestApiapiproxyANYApiPermissionTestAppStackRestApi0C913C5DANYapiproxy17B87F94": {
      "Properties": {
        "Action": "lambda:InvokeFunction",
        "FunctionName": {
          "Fn::GetAtt": [
            "ApiFunctionCE271BD4",
            "Arn",
          ],
        },
        "Principal": "apigateway.amazonaws.com",
        "SourceArn": {
          "Fn::Join": [
            "",
            [
              "arn:",
              {
                "Ref": "AWS::Partition",
              },
              ":execute-api:",
              {
                "Ref": "AWS::Region",
              },
              ":",
              {
                "Ref": "AWS::AccountId",
              },
              ":",
              {
                "Ref": "RestApi0C43BF4B",
              },
              "/",
              {
                "Ref": "RestApiDeploymentStageprod3855DE66",
              },
              "/*/api/*",
            ],
          ],
        },
      },
      "Type": "AWS::Lambda::Permission",
    },
    "RestApiapiproxyANYApiPermissionTestTestAppStackRestApi0C913C5DANYapiproxyA33EA541": {
      "Properties": {
        "Action": "lambda:InvokeFunction",
        "FunctionName": {
          "Fn::GetAtt": [
            "ApiFunctionCE271BD4",
            "Arn",
          ],
        },
        "Principal": "apigateway.amazonaws.com",
        "SourceArn": {
          "Fn::Join": [
            "",
            [
              "arn:",
              {
                "Ref": "AWS::Partition",
              },
              ":execute-api:",
              {
                "Ref": "AWS::Region",
              },
              ":",
              {
                "Ref": "AWS::AccountId",
              },
              ":",
              {
                "Ref": "RestApi0C43BF4B",
              },
              "/test-invoke-stage/*/api/*",
            ],
          ],
        },
      },
      "Type": "AWS::Lambda::Permission",
    },
    "RestApiapiproxyC73394C6": {
      "Properties": {
        "ParentId": {
          "Ref": "RestApiapiC55947A1",
        },
        "PathPart": "{proxy+}",
        "RestApiId": {
          "Ref": "RestApi0C43BF4B",
        },
      },
      "Type": "AWS::ApiGateway::Resource",
    },
  },
  "Rules": {
    "CheckBootstrapVersion": {
      "Assertions": [
        {
          "Assert": {
            "Fn::Not": [
              {
                "Fn::Contains": [
                  [
                    "1",
                    "2",
                    "3",
                    "4",
                    "5",
                  ],
                  {
                    "Ref": "BootstrapVersion",
                  },
                ],
              },
            ],
          },
          "AssertDescription": "CDK bootstrap stack version 6 required. Please run 'cdk bootstrap' with a recent version of the CDK CLI.",
        },
      ],
    },
  },
}
`;
